✔ exact four ring labels are preserved (2.0286ms)
✔ flow lineage keeps host tree and R-M detection on the corrected scientific graph (0.3894ms)
✔ fallback data matches seeded JSON files exactly (2.4933ms)
✔ observation records stay distinct from probe receipts (0.3036ms)
✔ valid measured receipts accept bare and sha256-prefixed 64-hex digests and import as unverified (2.5041ms)
✔ synthetic measured receipt fixtures use hashes computed from explicit synthetic payloads (1.9278ms)
✔ malicious HTML, unknown state, missing exit code, invalid hashes, and status/exit inconsistencies are rejected (1.5428ms)
✔ FAILED and UNKNOWN classifications are never remapped to NOT_DETECTED (0.8342ms)
✔ request confirmation creates REQUESTED artifacts without execution or verification (1.0131ms)
✔ registry filtering supports search, state, and stage (0.6198ms)
✔ CSV export escapes spreadsheet formulas safely including leading whitespace controls (0.7416ms)
✔ local probe creation reuses registry contracts and supports explicit not_measured hashes (0.5029ms)
✔ historical assertions keep null probe timestamps unless exact timing is known and never claim verification (0.3909ms)
✔ strict ISO timestamp validation rejects Date.parse-style loose values (0.126ms)
✔ receipt imports reject oversized JSON payloads (0.5439ms)
✔ stored receipts are revalidated and forced back to unverified on reload (0.6576ms)
✔ smarts.bio discovery remains separate from blocked execution and native publication stays blocked (0.355ms)
✔ BioNeMo catalog observations preserve third-party provenance and keep inference not run (0.3839ms)
✔ required static assets exist and HTML references resolve locally (1.7531ms)
ℹ tests 19
ℹ suites 0
ℹ pass 19
ℹ fail 0
ℹ cancelled 0
ℹ skipped 0
ℹ todo 0
ℹ duration_ms 144.5678
