TAP version 13
# Subtest: bundled registry has a valid schema and all required tools
ok 1 - bundled registry has a valid schema and all required tools
  ---
  duration_ms: 8.9461
  type: 'test'
  ...
# Subtest: all state values accepted without conflating dimensions
ok 2 - all state values accepted without conflating dimensions
  ---
  duration_ms: 32.6133
  type: 'test'
  ...
# Subtest: invalid registry state rejected
ok 3 - invalid registry state rejected
  ---
  duration_ms: 1.1898
  type: 'test'
  ...
# Subtest: unknown field rejected
ok 4 - unknown field rejected
  ---
  duration_ms: 0.3931
  type: 'test'
  ...
# Subtest: missing field rejected
ok 5 - missing field rejected
  ---
  duration_ms: 1.977
  type: 'test'
  ...
# Subtest: duplicate tool rejected
ok 6 - duplicate tool rejected
  ---
  duration_ms: 1.9543
  type: 'test'
  ...
# Subtest: empty registry rejected
ok 7 - empty registry rejected
  ---
  duration_ms: 0.5526
  type: 'test'
  ...
# Subtest: oversized registry rejected
ok 8 - oversized registry rejected
  ---
  duration_ms: 0.3635
  type: 'test'
  ...
# Subtest: positive state needs evidence ID
ok 9 - positive state needs evidence ID
  ---
  duration_ms: 0.84
  type: 'test'
  ...
# Subtest: unsupported schema rejected
ok 10 - unsupported schema rejected
  ---
  duration_ms: 0.4997
  type: 'test'
  ...
# Subtest: valid probe schema
ok 11 - valid probe schema
  ---
  duration_ms: 0.8518
  type: 'test'
  ...
# Subtest: invalid probe state rejected
ok 12 - invalid probe state rejected
  ---
  duration_ms: 0.4953
  type: 'test'
  ...
# Subtest: invalid probe dimension rejected
ok 13 - invalid probe dimension rejected
  ---
  duration_ms: 0.318
  type: 'test'
  ...
# Subtest: invalid and impossible timestamps rejected
ok 14 - invalid and impossible timestamps rejected
  ---
  duration_ms: 0.4382
  type: 'test'
  ...
# Subtest: duplicate probe IDs rejected
ok 15 - duplicate probe IDs rejected
  ---
  duration_ms: 0.2785
  type: 'test'
  ...
# Subtest: scientific design positive
ok 16 - scientific design positive
  ---
  duration_ms: 0.2689
  type: 'test'
  ...
# Subtest: bundled science contract matches frozen design
ok 17 - bundled science contract matches frozen design
  ---
  duration_ms: 1.7006
  type: 'test'
  ...
# Subtest: scientific invariant rejects change: genomes
ok 18 - scientific invariant rejects change: genomes
  ---
  duration_ms: 0.3005
  type: 'test'
  ...
# Subtest: scientific invariant rejects change: groups
ok 19 - scientific invariant rejects change: groups
  ---
  duration_ms: 0.1535
  type: 'test'
  ...
# Subtest: scientific invariant rejects change: enterococcus
ok 20 - scientific invariant rejects change: enterococcus
  ---
  duration_ms: 0.1282
  type: 'test'
  ...
# Subtest: scientific invariant rejects change: markerBasis
ok 21 - scientific invariant rejects change: markerBasis
  ---
  duration_ms: 0.1212
  type: 'test'
  ...
# Subtest: scientific invariant rejects change: separateAlignments
ok 22 - scientific invariant rejects change: separateAlignments
  ---
  duration_ms: 0.1191
  type: 'test'
  ...
# Subtest: scientific invariant rejects change: rmIndependent
ok 23 - scientific invariant rejects change: rmIndependent
  ---
  duration_ms: 0.1359
  type: 'test'
  ...
# Subtest: scientific invariant rejects change: missingIsAbsence
ok 24 - scientific invariant rejects change: missingIsAbsence
  ---
  duration_ms: 0.1624
  type: 'test'
  ...
# Subtest: scientific invariant rejects change: unreviewedIsPartial
ok 25 - scientific invariant rejects change: unreviewedIsPartial
  ---
  duration_ms: 0.132
  type: 'test'
  ...
# Subtest: scientific invariant rejects change: modelIsFunction
ok 26 - scientific invariant rejects change: modelIsFunction
  ---
  duration_ms: 0.1473
  type: 'test'
  ...
# Subtest: frozen accessions exactly 177 unique versioned RefSeq IDs
ok 27 - frozen accessions exactly 177 unique versioned RefSeq IDs
  ---
  duration_ms: 0.9709
  type: 'test'
  ...
# Subtest: valid small accession input
ok 28 - valid small accession input
  ---
  duration_ms: 0.3063
  type: 'test'
  ...
# Subtest: empty accessions rejected
ok 29 - empty accessions rejected
  ---
  duration_ms: 0.3449
  type: 'test'
  ...
# Subtest: duplicate accessions rejected
ok 30 - duplicate accessions rejected
  ---
  duration_ms: 0.1834
  type: 'test'
  ...
# Subtest: blank inner accession rejected
ok 31 - blank inner accession rejected
  ---
  duration_ms: 0.169
  type: 'test'
  ...
# Subtest: unversioned and GenBank IDs rejected
ok 32 - unversioned and GenBank IDs rejected
  ---
  duration_ms: 0.3338
  type: 'test'
  ...
# Subtest: wrong frozen panel size rejected
ok 33 - wrong frozen panel size rejected
  ---
  duration_ms: 0.216
  type: 'test'
  ...
# Subtest: malformed JSON rejected
ok 34 - malformed JSON rejected
  ---
  duration_ms: 0.2932
  type: 'test'
  ...
# Subtest: nonobject JSON rejected
ok 35 - nonobject JSON rejected
  ---
  duration_ms: 0.2987
  type: 'test'
  ...
# Subtest: oversized bytes rejected including multibyte text
ok 36 - oversized bytes rejected including multibyte text
  ---
  duration_ms: 1.263
  type: 'test'
  ...
# Subtest: reject unsafe imported text "<img src=x onerror=alert(1)>"
ok 37 - reject unsafe imported text "<img src=x onerror=alert(1)>"
  ---
  duration_ms: 0.3861
  type: 'test'
  ...
# Subtest: reject unsafe imported text "<script>alert(1)</script>"
ok 38 - reject unsafe imported text "<script>alert(1)</script>"
  ---
  duration_ms: 0.1987
  type: 'test'
  ...
# Subtest: reject unsafe imported text "javascript:alert(1)"
ok 39 - reject unsafe imported text "javascript:alert(1)"
  ---
  duration_ms: 0.1544
  type: 'test'
  ...
# Subtest: reject unsafe imported text "&\#60;script&\#62;"
ok 40 - reject unsafe imported text "&\#60;script&\#62;"
  ---
  duration_ms: 0.1443
  type: 'test'
  ...
# Subtest: reject unsafe imported text "&lt;svg&gt;"
ok 41 - reject unsafe imported text "&lt;svg&gt;"
  ---
  duration_ms: 0.2127
  type: 'test'
  ...
# Subtest: reject unsafe imported text "‮exe"
ok 42 - reject unsafe imported text "‮exe"
  ---
  duration_ms: 0.2889
  type: 'test'
  ...
# Subtest: prototype and verification fields rejected
ok 43 - prototype and verification fields rejected
  ---
  duration_ms: 0.3916
  type: 'test'
  ...
# Subtest: false-result promotion impossible via valid positive claims
ok 44 - false-result promotion impossible via valid positive claims
  ---
  duration_ms: 0.8356
  type: 'test'
  ...
# Subtest: claim export retains provenance and exact content
ok 45 - claim export retains provenance and exact content
  ---
  duration_ms: 0.5806
  type: 'test'
  ...
# Subtest: claim export rejects verified tampering
ok 46 - claim export rejects verified tampering
  ---
  duration_ms: 0.3519
  type: 'test'
  ...
# Subtest: job contains review fields and receipt requirements
ok 47 - job contains review fields and receipt requirements
  ---
  duration_ms: 0.6946
  type: 'test'
  ...
# Subtest: approved request remains unexecuted and uncertified
ok 48 - approved request remains unexecuted and uncertified
  ---
  duration_ms: 0.247
  type: 'test'
  ...
# Subtest: missing job boundary rejected
ok 49 - missing job boundary rejected
  ---
  duration_ms: 0.2323
  type: 'test'
  ...
# Subtest: invalid decision rejected
ok 50 - invalid decision rejected
  ---
  duration_ms: 0.2079
  type: 'test'
  ...
# Subtest: unsafe job markup rejected
ok 51 - unsafe job markup rejected
  ---
  duration_ms: 0.1967
  type: 'test'
  ...
# Subtest: job export rejects changed execution status
ok 52 - job export rejects changed execution status
  ---
  duration_ms: 0.3049
  type: 'test'
  ...
# Subtest: job export rejects forged receipt
ok 53 - job export rejects forged receipt
  ---
  duration_ms: 0.2589
  type: 'test'
  ...
# Subtest: parent adapter accepts BOM and strips private session reference
ok 54 - parent adapter accepts BOM and strips private session reference
  ---
  duration_ms: 0.9837
  type: 'test'
  ...
# Subtest: parent adapter rejects invalid states
ok 55 - parent adapter rejects invalid states
  ---
  duration_ms: 0.4855
  type: 'test'
  ...
# Subtest: parent adapter rejects injected markup
ok 56 - parent adapter rejects injected markup
  ---
  duration_ms: 0.3365
  type: 'test'
  ...
# Subtest: parent adapter rejects biological-result promotion
ok 57 - parent adapter rejects biological-result promotion
  ---
  duration_ms: 3.151
  type: 'test'
  ...
# Subtest: parent adapter rejects unexpected fields
ok 58 - parent adapter rejects unexpected fields
  ---
  duration_ms: 2.3091
  type: 'test'
  ...
# Subtest: parent adapter rejects duplicate IDs and bad hashes
ok 59 - parent adapter rejects duplicate IDs and bad hashes
  ---
  duration_ms: 2.8657
  type: 'test'
  ...
# Subtest: parent adapter rejects oversized input
ok 60 - parent adapter rejects oversized input
  ---
  duration_ms: 2.3985
  type: 'test'
  ...
# Subtest: cached plugin entries do not imply enabled/authenticated/runtime readiness
ok 61 - cached plugin entries do not imply enabled/authenticated/runtime readiness
  ---
  duration_ms: 2.12
  type: 'test'
  ...
1..61
# tests 61
# suites 0
# pass 61
# fail 0
# cancelled 0
# skipped 0
# todo 0
# duration_ms 410.606
